// Jest Snapshot v1, https://goo.gl/fbAQLP

exports[`<GuestAdd /> component matches the snapshot 1`] = `
<div
  className="sc-bdVaJa iBvhcS"
>
  <div
    className="sc-bwzfXH kRaKT"
  >
    <div
      className="sc-htpNat gZwPAN"
    >
      <div
        className="sc-bxivhb FkGqL"
      >
        Adults
      </div>
    </div>
    <div>
      <button
        className="sc-EHOje bTSweX"
        disabled={true}
        onClick={[Function]}
      >
         - 
      </button>
        
      1
        
      <button
        className="sc-EHOje bTSweX"
        disabled={false}
        onClick={[Function]}
      >
         + 
      </button>
    </div>
  </div>
  <div
    className="sc-bwzfXH kRaKT"
  >
    <div
      className="sc-htpNat gZwPAN"
    >
      <div
        className="sc-bxivhb FkGqL"
      >
        Children
      </div>
      <div
        className="sc-ifAKCX jTvgFe"
      >
        Ages 2-12
      </div>
    </div>
    <div>
      <button
        className="sc-EHOje bTSweX"
        disabled={true}
        onClick={[Function]}
      >
         - 
      </button>
        
      0
        
      <button
        className="sc-EHOje bTSweX"
        disabled={false}
        onClick={[Function]}
      >
         + 
      </button>
    </div>
  </div>
  <div
    className="sc-bwzfXH kRaKT"
  >
    <div
      className="sc-htpNat gZwPAN"
    >
      <div
        className="sc-bxivhb FkGqL"
      >
        Infants
      </div>
      <div
        className="sc-ifAKCX jTvgFe"
      >
        Under 2
      </div>
    </div>
    <div>
      <button
        className="sc-EHOje bTSweX"
        disabled={true}
        onClick={[Function]}
      >
         - 
      </button>
        
      0
        
      <button
        className="sc-EHOje bTSweX"
        disabled={false}
        onClick={[Function]}
      >
         + 
      </button>
    </div>
  </div>
  <div
    className="sc-bwzfXH kRaKT"
  >
    <div
      className="sc-ifAKCX jTvgFe"
    >
      4 guests maximum. Infants donâ€™t count toward the number of guests.
    </div>
  </div>
</div>
`;
